// Jest Snapshot v1, https://goo.gl/fbAQLP

exports[`renders without crashing 1`] = `
<styled.header>
  <styled.h6>
    TEAM LLOYD Template App
  </styled.h6>
</styled.header>
`;
